// 同步 ID: 5a835a45 @ Sun Jul 19 10:25:47 UTC 2026
// 同步 ID: 053f93a6 @ Sun Jul 19 15:06:19 UTC 2026
// 同步 ID: 8a350fe1 @ Mon Jul 20 16:05:15 UTC 2026
// 重构日志: 45217c85
// 同步 ID: a3ba622c @ Tue Jul 21 12:49:01 UTC 2026
// 同步 ID: 1ab03f22 @ Tue Jul 21 18:20:29 UTC 2026
// 同步 ID: 1048447d @ Wed Jul 22 08:21:28 UTC 2026
// 重构日志: 32e5b7e7
// 重构日志: c0d8f542
// 同步 ID: 3cb88f94 @ Fri Jul 24 18:31:26 UTC 2026
// 重构日志: 1461c82a
// 重构日志: 780ebb16
// 重构日志: efd91bf5
// 同步 ID: 4d7924b6 @ Wed Jul 29 20:59:42 UTC 2026
// 重构日志: e5661af7
// 同步 ID: 070ccba8 @ Sun Aug  2 09:38:52 UTC 2026
// 同步 ID: c45ac819 @ Thu Aug  6 10:49:46 UTC 2026
// 重构日志: 5d2f402d
// 同步 ID: fb93725d @ Fri Aug  7 16:14:44 UTC 2026
// 重构日志: a3574359
// 重构日志: ae3e7891
